OMP_NUM_THREADS = 16
MKL_NUM_THREADS = 1
PYSCF_MAX_MEMORY = 204800
TMPDIR = /central/scratch/yangjunjie//nio-dzvp-444/47172174/
PYSCF_TMPDIR = /central/scratch/yangjunjie//nio-dzvp-444/47172174/

/home/junjiey/anaconda3/envs/fftisdf-with-mpich/bin/python
2.8.0
1.13.1
1.26.4


******** <class 'pyscf.pbc.df.fft.FFTDF'> ********
mesh = [21 21 21] (9261 PWs)
len(kpts) = 64

WARN: ke_cutoff/mesh (80 / [21 21 21]) is not enough for FFTDF to get integral accuracy 1e-10.
Coulomb integral error is ~ 2.2 Eh.
Recommended ke_cutoff/mesh are 679.828 / [57 57 57].

    CPU time for -> FFTDF JK   7497.49 sec, wall time    492.11 sec


******** <class '__main__.WithMPI'> ********
mesh = [21 21 21] (9261 PWs)
len(kpts) = 64
<class '__main__.WithMPI'> does not have attributes  tol blksize c0 kmesh
<class '__main__.WithMPI'> does not have attributes  tol c0 kmesh blksize
<class '__main__.WithMPI'> does not have attributes  c0 kmesh tol blksize
<class '__main__.WithMPI'> does not have attributes  tol c0 kmesh blksize
<class '__main__.WithMPI'> does not have attributes  blksize tol c0 kmesh
WARN: ke_cutoff/mesh (80 / [21 21 21]) is not enough for FFTDF to get integral accuracy 1e-10.
Coulomb integral error is ~ 2.2 Eh.
Recommended ke_cutoff/mesh are 679.828 / [57 57 57].

WARN: ke_cutoff/mesh (80 / [21 21 21]) is not enough for FFTDF to get integral accuracy 1e-10.
Coulomb integral error is ~ 2.2 Eh.
Recommended ke_cutoff/mesh are 679.828 / [57 57 57].

WARN: ke_cutoff/mesh (80 / [21 21 21]) is not enough for FFTDF to get integral accuracy 1e-10.
Coulomb integral error is ~ 2.2 Eh.
Recommended ke_cutoff/mesh are 679.828 / [57 57 57].
WARN: ke_cutoff/mesh (80 / [21 21 21]) is not enough for FFTDF to get integral accuracy 1e-10.
Coulomb integral error is ~ 2.2 Eh.
Recommended ke_cutoff/mesh are 679.828 / [57 57 57].
kmesh = [4 4 4]
<class '__main__.WithMPI'> does not have attributes  kmesh tol c0 blksize
<class '__main__.WithMPI'> does not have attributes  kmesh tol c0 blksize
<class '__main__.WithMPI'> does not have attributes  kmesh tol blksize c0
WARN: ke_cutoff/mesh (80 / [21 21 21]) is not enough for FFTDF to get integral accuracy 1e-10.
Coulomb integral error is ~ 2.2 Eh.
Recommended ke_cutoff/mesh are 679.828 / [57 57 57].
WARN: ke_cutoff/mesh (80 / [21 21 21]) is not enough for FFTDF to get integral accuracy 1e-10.
Coulomb integral error is ~ 2.2 Eh.
Recommended ke_cutoff/mesh are 679.828 / [57 57 57].
WARN: ke_cutoff/mesh (80 / [21 21 21]) is not enough for FFTDF to get integral accuracy 1e-10.
Coulomb integral error is ~ 2.2 Eh.
Recommended ke_cutoff/mesh are 679.828 / [57 57 57].
WARN: ke_cutoff/mesh (80 / [21 21 21]) is not enough for FFTDF to get integral accuracy 1e-10.
Coulomb integral error is ~ 2.2 Eh.
Recommended ke_cutoff/mesh are 679.828 / [57 57 57].
WARN: The parent grid might be too coarse.
WARN: The parent grid might be too coarse.
WARN: The parent grid might be too coarse.

WARN: The parent grid might be too coarse.

Pivoted Cholesky rank = 245, nip = 130, estimated error = 3.35e-01
nip = 130, cisdf =   5.00
    CPU time for get interpolating vectors     32.24 sec

nkpt = 64, nao = 26
ngrid = 9261, blksize = 8000
required disk space = 0 GB
WARN: The parent grid might be too coarse.
WARN: The parent grid might be too coarse.
WARN: The parent grid might be too coarse.
WARN: The parent grid might be too coarse.
Saving rhs_q to /central/scratch/yangjunjie/nio-dzvp-444/47172174/tdi9uc30, memory for rhs_q = 1.93e-02 GB
blksize = 8000, ngrid = 9261
aoR_loop: [   0,  8000]
aoR_loop: [ 8000,  9261]
    CPU time for get_lhs_and_rhs     35.72 sec, wall time      3.52 sec
    CPU time for solving Coulomb kernel     37.47 sec, wall time      3.63 sec
Finished solving Coulomb kernel for q =   1 /  64, rank = 130 / 130

nkpt = 64, nao = 26
ngrid = 9261, blksize = 8000
required disk space = 0 GB
Saving rhs_q to /central/scratch/yangjunjie/nio-dzvp-444/47172174/nju1pojw, memory for rhs_q = 1.93e-02 GB
blksize = 8000, ngrid = 9261
aoR_loop: [   0,  8000]
aoR_loop: [ 8000,  9261]
    CPU time for get_lhs_and_rhs     34.56 sec, wall time      3.24 sec
    CPU time for solving Coulomb kernel     36.42 sec, wall time      3.38 sec
Finished solving Coulomb kernel for q =   9 /  64, rank = 130 / 130

nkpt = 64, nao = 26
ngrid = 9261, blksize = 8000
required disk space = 0 GB
Saving rhs_q to /central/scratch/yangjunjie/nio-dzvp-444/47172174/mqxpm12s, memory for rhs_q = 1.93e-02 GB
blksize = 8000, ngrid = 9261
aoR_loop: [   0,  8000]
aoR_loop: [ 8000,  9261]
    CPU time for get_lhs_and_rhs     34.55 sec, wall time      3.50 sec
    CPU time for solving Coulomb kernel     36.31 sec, wall time      3.61 sec
Finished solving Coulomb kernel for q =  17 /  64, rank = 130 / 130

nkpt = 64, nao = 26
ngrid = 9261, blksize = 8000
required disk space = 0 GB
Saving rhs_q to /central/scratch/yangjunjie/nio-dzvp-444/47172174/3o5tb7he, memory for rhs_q = 1.93e-02 GB
blksize = 8000, ngrid = 9261
aoR_loop: [   0,  8000]
aoR_loop: [ 8000,  9261]
    CPU time for get_lhs_and_rhs     33.28 sec, wall time      3.23 sec
    CPU time for solving Coulomb kernel     35.68 sec, wall time      3.40 sec
Finished solving Coulomb kernel for q =  25 /  64, rank = 130 / 130

nkpt = 64, nao = 26
ngrid = 9261, blksize = 8000
required disk space = 0 GB
Saving rhs_q to /central/scratch/yangjunjie/nio-dzvp-444/47172174/lpjgmqi8, memory for rhs_q = 1.93e-02 GB
blksize = 8000, ngrid = 9261
aoR_loop: [   0,  8000]
aoR_loop: [ 8000,  9261]
    CPU time for get_lhs_and_rhs     30.57 sec, wall time      2.98 sec
    CPU time for solving Coulomb kernel     31.73 sec, wall time      3.05 sec
Finished solving Coulomb kernel for q =  33 /  64, rank = 130 / 130

nkpt = 64, nao = 26
ngrid = 9261, blksize = 8000
required disk space = 0 GB
Saving rhs_q to /central/scratch/yangjunjie/nio-dzvp-444/47172174/yxt003tl, memory for rhs_q = 1.93e-02 GB
blksize = 8000, ngrid = 9261
aoR_loop: [   0,  8000]
aoR_loop: [ 8000,  9261]
    CPU time for get_lhs_and_rhs     30.02 sec, wall time      3.03 sec
    CPU time for solving Coulomb kernel     31.87 sec, wall time      3.17 sec
Finished solving Coulomb kernel for q =  41 /  64, rank = 130 / 130

nkpt = 64, nao = 26
ngrid = 9261, blksize = 8000
required disk space = 0 GB
Saving rhs_q to /central/scratch/yangjunjie/nio-dzvp-444/47172174/5cp0qc5l, memory for rhs_q = 1.93e-02 GB
blksize = 8000, ngrid = 9261
aoR_loop: [   0,  8000]
aoR_loop: [ 8000,  9261]
    CPU time for get_lhs_and_rhs     30.87 sec, wall time      3.04 sec
    CPU time for solving Coulomb kernel     32.12 sec, wall time      3.12 sec
Finished solving Coulomb kernel for q =  49 /  64, rank = 130 / 130

nkpt = 64, nao = 26
ngrid = 9261, blksize = 8000
required disk space = 0 GB
Saving rhs_q to /central/scratch/yangjunjie/nio-dzvp-444/47172174/6vt0rnhl, memory for rhs_q = 1.93e-02 GB
blksize = 8000, ngrid = 9261
aoR_loop: [   0,  8000]
aoR_loop: [ 8000,  9261]
    CPU time for get_lhs_and_rhs     31.32 sec, wall time      2.90 sec
    CPU time for solving Coulomb kernel     32.83 sec, wall time      2.99 sec
Finished solving Coulomb kernel for q =  57 /  64, rank = 130 / 130
Saving FFTISDF results to /central/scratch/yangjunjie/nio-dzvp-444/47172174/tmponn1y7ew
    CPU time for building ISDF    308.93 sec, wall time     28.84 sec
    CPU time for -> ISDF build    308.94 sec, wall time     28.84 sec
    CPU time for -> ISDF JK      2.75 sec, wall time      0.18 sec
-> ISDF c0 =   5.00, vj err =  3.0707e-02
-> ISDF c0 =   5.00, vk err =  4.2591e+07


******** <class '__main__.WithMPI'> ********
mesh = [21 21 21] (9261 PWs)
len(kpts) = 64

WARN: ke_cutoff/mesh (80 / [21 21 21]) is not enough for FFTDF to get integral accuracy 1e-10.
Coulomb integral error is ~ 2.2 Eh.
Recommended ke_cutoff/mesh are 679.828 / [57 57 57].

WARN: ke_cutoff/mesh (80 / [21 21 21]) is not enough for FFTDF to get integral accuracy 1e-10.
Coulomb integral error is ~ 2.2 Eh.
Recommended ke_cutoff/mesh are 679.828 / [57 57 57].
WARN: ke_cutoff/mesh (80 / [21 21 21]) is not enough for FFTDF to get integral accuracy 1e-10.
Coulomb integral error is ~ 2.2 Eh.
Recommended ke_cutoff/mesh are 679.828 / [57 57 57].
WARN: ke_cutoff/mesh (80 / [21 21 21]) is not enough for FFTDF to get integral accuracy 1e-10.
Coulomb integral error is ~ 2.2 Eh.
Recommended ke_cutoff/mesh are 679.828 / [57 57 57].
WARN: ke_cutoff/mesh (80 / [21 21 21]) is not enough for FFTDF to get integral accuracy 1e-10.
Coulomb integral error is ~ 2.2 Eh.
Recommended ke_cutoff/mesh are 679.828 / [57 57 57].
WARN: ke_cutoff/mesh (80 / [21 21 21]) is not enough for FFTDF to get integral accuracy 1e-10.
Coulomb integral error is ~ 2.2 Eh.
Recommended ke_cutoff/mesh are 679.828 / [57 57 57].
kmesh = [4 4 4]
WARN: ke_cutoff/mesh (80 / [21 21 21]) is not enough for FFTDF to get integral accuracy 1e-10.
Coulomb integral error is ~ 2.2 Eh.
Recommended ke_cutoff/mesh are 679.828 / [57 57 57].
WARN: ke_cutoff/mesh (80 / [21 21 21]) is not enough for FFTDF to get integral accuracy 1e-10.
Coulomb integral error is ~ 2.2 Eh.
Recommended ke_cutoff/mesh are 679.828 / [57 57 57].
WARN: The parent grid might be too coarse.
WARN: The parent grid might be too coarse.
WARN: The parent grid might be too coarse.
WARN: The parent grid might be too coarse.

WARN: The parent grid might be too coarse.

Pivoted Cholesky rank = 567, nip = 260, estimated error = 7.49e-02
nip = 260, cisdf =  10.00
    CPU time for get interpolating vectors     41.95 sec

nkpt = 64, nao = 26
ngrid = 9261, blksize = 8000
required disk space = 0 GB
WARN: The parent grid might be too coarse.
WARN: The parent grid might be too coarse.
WARN: The parent grid might be too coarse.
Saving rhs_q to /central/scratch/yangjunjie/nio-dzvp-444/47172174/9ga0rm41, memory for rhs_q = 3.85e-02 GB
blksize = 8000, ngrid = 9261
aoR_loop: [   0,  8000]
aoR_loop: [ 8000,  9261]
    CPU time for get_lhs_and_rhs     54.79 sec, wall time     10.77 sec
    CPU time for solving Coulomb kernel     57.52 sec, wall time     10.94 sec
Finished solving Coulomb kernel for q =   1 /  64, rank = 259 / 260

nkpt = 64, nao = 26
ngrid = 9261, blksize = 8000
required disk space = 0 GB
Saving rhs_q to /central/scratch/yangjunjie/nio-dzvp-444/47172174/r34nqole, memory for rhs_q = 3.85e-02 GB
blksize = 8000, ngrid = 9261
aoR_loop: [   0,  8000]
aoR_loop: [ 8000,  9261]
    CPU time for get_lhs_and_rhs     54.69 sec, wall time     10.90 sec
    CPU time for solving Coulomb kernel     57.71 sec, wall time     11.09 sec
Finished solving Coulomb kernel for q =   9 /  64, rank = 259 / 260

nkpt = 64, nao = 26
ngrid = 9261, blksize = 8000
required disk space = 0 GB
Saving rhs_q to /central/scratch/yangjunjie/nio-dzvp-444/47172174/fl02r2ru, memory for rhs_q = 3.85e-02 GB
blksize = 8000, ngrid = 9261
aoR_loop: [   0,  8000]
aoR_loop: [ 8000,  9261]
    CPU time for get_lhs_and_rhs     53.66 sec, wall time     10.91 sec
    CPU time for solving Coulomb kernel     56.07 sec, wall time     11.06 sec
Finished solving Coulomb kernel for q =  17 /  64, rank = 259 / 260

nkpt = 64, nao = 26
ngrid = 9261, blksize = 8000
required disk space = 0 GB
Saving rhs_q to /central/scratch/yangjunjie/nio-dzvp-444/47172174/0ywhw0dl, memory for rhs_q = 3.85e-02 GB
blksize = 8000, ngrid = 9261
aoR_loop: [   0,  8000]
aoR_loop: [ 8000,  9261]
    CPU time for get_lhs_and_rhs     50.54 sec, wall time     10.61 sec
    CPU time for solving Coulomb kernel     52.98 sec, wall time     10.78 sec
Finished solving Coulomb kernel for q =  25 /  64, rank = 259 / 260

nkpt = 64, nao = 26
ngrid = 9261, blksize = 8000
required disk space = 0 GB
Saving rhs_q to /central/scratch/yangjunjie/nio-dzvp-444/47172174/0w4pzh8k, memory for rhs_q = 3.85e-02 GB
blksize = 8000, ngrid = 9261
aoR_loop: [   0,  8000]
aoR_loop: [ 8000,  9261]
    CPU time for get_lhs_and_rhs     45.97 sec, wall time     11.10 sec
    CPU time for solving Coulomb kernel     48.56 sec, wall time     11.28 sec
Finished solving Coulomb kernel for q =  33 /  64, rank = 259 / 260

nkpt = 64, nao = 26
ngrid = 9261, blksize = 8000
required disk space = 0 GB
Saving rhs_q to /central/scratch/yangjunjie/nio-dzvp-444/47172174/cwsdxhs8, memory for rhs_q = 3.85e-02 GB
blksize = 8000, ngrid = 9261
aoR_loop: [   0,  8000]
aoR_loop: [ 8000,  9261]
    CPU time for get_lhs_and_rhs     56.92 sec, wall time     11.62 sec
    CPU time for solving Coulomb kernel     59.23 sec, wall time     11.79 sec
Finished solving Coulomb kernel for q =  41 /  64, rank = 259 / 260

nkpt = 64, nao = 26
ngrid = 9261, blksize = 8000
required disk space = 0 GB
Saving rhs_q to /central/scratch/yangjunjie/nio-dzvp-444/47172174/7j8woe1d, memory for rhs_q = 3.85e-02 GB
blksize = 8000, ngrid = 9261
aoR_loop: [   0,  8000]
aoR_loop: [ 8000,  9261]
    CPU time for get_lhs_and_rhs     59.63 sec, wall time     11.83 sec
    CPU time for solving Coulomb kernel     62.52 sec, wall time     12.04 sec
Finished solving Coulomb kernel for q =  49 /  64, rank = 259 / 260

nkpt = 64, nao = 26
ngrid = 9261, blksize = 8000
required disk space = 0 GB
Saving rhs_q to /central/scratch/yangjunjie/nio-dzvp-444/47172174/61qxjh67, memory for rhs_q = 3.85e-02 GB
blksize = 8000, ngrid = 9261
aoR_loop: [   0,  8000]
aoR_loop: [ 8000,  9261]
    CPU time for get_lhs_and_rhs     56.02 sec, wall time     11.20 sec
    CPU time for solving Coulomb kernel     58.59 sec, wall time     11.35 sec
Finished solving Coulomb kernel for q =  57 /  64, rank = 259 / 260
Saving FFTISDF results to /central/scratch/yangjunjie/nio-dzvp-444/47172174/tmph_21yg59
    CPU time for building ISDF    498.64 sec, wall time     94.73 sec
    CPU time for -> ISDF build    498.66 sec, wall time     94.73 sec
    CPU time for -> ISDF JK      6.95 sec, wall time      0.53 sec
-> ISDF c0 =  10.00, vj err =  4.7966e-04
-> ISDF c0 =  10.00, vk err =  4.7131e+11


******** <class '__main__.WithMPI'> ********
mesh = [21 21 21] (9261 PWs)
len(kpts) = 64

WARN: ke_cutoff/mesh (80 / [21 21 21]) is not enough for FFTDF to get integral accuracy 1e-10.
Coulomb integral error is ~ 2.2 Eh.
Recommended ke_cutoff/mesh are 679.828 / [57 57 57].

kmesh = [4 4 4]
WARN: ke_cutoff/mesh (80 / [21 21 21]) is not enough for FFTDF to get integral accuracy 1e-10.
Coulomb integral error is ~ 2.2 Eh.
Recommended ke_cutoff/mesh are 679.828 / [57 57 57].
WARN: ke_cutoff/mesh (80 / [21 21 21]) is not enough for FFTDF to get integral accuracy 1e-10.
Coulomb integral error is ~ 2.2 Eh.
Recommended ke_cutoff/mesh are 679.828 / [57 57 57].
WARN: ke_cutoff/mesh (80 / [21 21 21]) is not enough for FFTDF to get integral accuracy 1e-10.
Coulomb integral error is ~ 2.2 Eh.
Recommended ke_cutoff/mesh are 679.828 / [57 57 57].
WARN: ke_cutoff/mesh (80 / [21 21 21]) is not enough for FFTDF to get integral accuracy 1e-10.
Coulomb integral error is ~ 2.2 Eh.
Recommended ke_cutoff/mesh are 679.828 / [57 57 57].
WARN: ke_cutoff/mesh (80 / [21 21 21]) is not enough for FFTDF to get integral accuracy 1e-10.
Coulomb integral error is ~ 2.2 Eh.
Recommended ke_cutoff/mesh are 679.828 / [57 57 57].
WARN: ke_cutoff/mesh (80 / [21 21 21]) is not enough for FFTDF to get integral accuracy 1e-10.
Coulomb integral error is ~ 2.2 Eh.
Recommended ke_cutoff/mesh are 679.828 / [57 57 57].
WARN: ke_cutoff/mesh (80 / [21 21 21]) is not enough for FFTDF to get integral accuracy 1e-10.
Coulomb integral error is ~ 2.2 Eh.
Recommended ke_cutoff/mesh are 679.828 / [57 57 57].
WARN: The parent grid might be too coarse.
WARN: The parent grid might be too coarse.
WARN: The parent grid might be too coarse.
WARN: The parent grid might be too coarse.
WARN: The parent grid might be too coarse.
WARN: The parent grid might be too coarse.
WARN: The parent grid might be too coarse.

WARN: The parent grid might be too coarse.

Pivoted Cholesky rank = 567, nip = 390, estimated error = 1.59e-02
nip = 390, cisdf =  15.00
    CPU time for get interpolating vectors     46.92 sec

nkpt = 64, nao = 26
ngrid = 9261, blksize = 8000
required disk space = 0 GB
Saving rhs_q to /central/scratch/yangjunjie/nio-dzvp-444/47172174/jgha5gzk, memory for rhs_q = 5.78e-02 GB
blksize = 8000, ngrid = 9261
aoR_loop: [   0,  8000]
aoR_loop: [ 8000,  9261]
    CPU time for get_lhs_and_rhs     52.75 sec, wall time     15.10 sec
    CPU time for solving Coulomb kernel     56.82 sec, wall time     15.39 sec
Finished solving Coulomb kernel for q =   1 /  64, rank = 358 / 390

nkpt = 64, nao = 26
ngrid = 9261, blksize = 8000
required disk space = 0 GB
Saving rhs_q to /central/scratch/yangjunjie/nio-dzvp-444/47172174/0v6qm1az, memory for rhs_q = 5.78e-02 GB
blksize = 8000, ngrid = 9261
aoR_loop: [   0,  8000]
aoR_loop: [ 8000,  9261]
    CPU time for get_lhs_and_rhs     51.81 sec, wall time     13.04 sec
    CPU time for solving Coulomb kernel     56.65 sec, wall time     13.34 sec
Finished solving Coulomb kernel for q =   9 /  64, rank = 358 / 390

nkpt = 64, nao = 26
ngrid = 9261, blksize = 8000
required disk space = 0 GB
Saving rhs_q to /central/scratch/yangjunjie/nio-dzvp-444/47172174/bx6r3za7, memory for rhs_q = 5.78e-02 GB
blksize = 8000, ngrid = 9261
aoR_loop: [   0,  8000]
aoR_loop: [ 8000,  9261]
    CPU time for get_lhs_and_rhs     54.30 sec, wall time     13.49 sec
    CPU time for solving Coulomb kernel     58.31 sec, wall time     13.72 sec
Finished solving Coulomb kernel for q =  17 /  64, rank = 358 / 390

nkpt = 64, nao = 26
ngrid = 9261, blksize = 8000
required disk space = 0 GB
Saving rhs_q to /central/scratch/yangjunjie/nio-dzvp-444/47172174/as5cownl, memory for rhs_q = 5.78e-02 GB
blksize = 8000, ngrid = 9261
aoR_loop: [   0,  8000]
aoR_loop: [ 8000,  9261]
    CPU time for get_lhs_and_rhs     51.84 sec, wall time     12.53 sec
    CPU time for solving Coulomb kernel     55.49 sec, wall time     12.74 sec
Finished solving Coulomb kernel for q =  25 /  64, rank = 359 / 390

nkpt = 64, nao = 26
ngrid = 9261, blksize = 8000
required disk space = 0 GB
Saving rhs_q to /central/scratch/yangjunjie/nio-dzvp-444/47172174/ti6k4ahi, memory for rhs_q = 5.78e-02 GB
blksize = 8000, ngrid = 9261
aoR_loop: [   0,  8000]
aoR_loop: [ 8000,  9261]
    CPU time for get_lhs_and_rhs     50.16 sec, wall time     12.52 sec
    CPU time for solving Coulomb kernel     54.28 sec, wall time     12.76 sec
Finished solving Coulomb kernel for q =  33 /  64, rank = 358 / 390

nkpt = 64, nao = 26
ngrid = 9261, blksize = 8000
required disk space = 0 GB
Saving rhs_q to /central/scratch/yangjunjie/nio-dzvp-444/47172174/y70nrosj, memory for rhs_q = 5.78e-02 GB
blksize = 8000, ngrid = 9261
aoR_loop: [   0,  8000]
aoR_loop: [ 8000,  9261]
    CPU time for get_lhs_and_rhs     50.77 sec, wall time     13.39 sec
    CPU time for solving Coulomb kernel     55.36 sec, wall time     13.66 sec
Finished solving Coulomb kernel for q =  41 /  64, rank = 359 / 390

nkpt = 64, nao = 26
ngrid = 9261, blksize = 8000
required disk space = 0 GB
Saving rhs_q to /central/scratch/yangjunjie/nio-dzvp-444/47172174/rgwwi28m, memory for rhs_q = 5.78e-02 GB
blksize = 8000, ngrid = 9261
aoR_loop: [   0,  8000]
aoR_loop: [ 8000,  9261]
    CPU time for get_lhs_and_rhs     52.56 sec, wall time     13.32 sec
    CPU time for solving Coulomb kernel     56.82 sec, wall time     13.57 sec
Finished solving Coulomb kernel for q =  49 /  64, rank = 358 / 390

nkpt = 64, nao = 26
ngrid = 9261, blksize = 8000
required disk space = 0 GB
Saving rhs_q to /central/scratch/yangjunjie/nio-dzvp-444/47172174/kl2u6sty, memory for rhs_q = 5.78e-02 GB
blksize = 8000, ngrid = 9261
aoR_loop: [   0,  8000]
aoR_loop: [ 8000,  9261]
    CPU time for get_lhs_and_rhs     53.00 sec, wall time     13.25 sec
    CPU time for solving Coulomb kernel     57.22 sec, wall time     13.49 sec
Finished solving Coulomb kernel for q =  57 /  64, rank = 359 / 390
Saving FFTISDF results to /central/scratch/yangjunjie/nio-dzvp-444/47172174/tmpnrtse_f9
    CPU time for building ISDF    507.99 sec, wall time    120.13 sec
    CPU time for -> ISDF build    508.00 sec, wall time    120.14 sec
    CPU time for -> ISDF JK     12.65 sec, wall time      0.94 sec
-> ISDF c0 =  15.00, vj err =  3.7956e-04
-> ISDF c0 =  15.00, vk err =  2.9815e+12


******** <class '__main__.WithMPI'> ********
mesh = [21 21 21] (9261 PWs)
len(kpts) = 64
WARN: ke_cutoff/mesh (80 / [21 21 21]) is not enough for FFTDF to get integral accuracy 1e-10.
Coulomb integral error is ~ 2.2 Eh.
Recommended ke_cutoff/mesh are 679.828 / [57 57 57].

WARN: ke_cutoff/mesh (80 / [21 21 21]) is not enough for FFTDF to get integral accuracy 1e-10.
Coulomb integral error is ~ 2.2 Eh.
Recommended ke_cutoff/mesh are 679.828 / [57 57 57].

WARN: ke_cutoff/mesh (80 / [21 21 21]) is not enough for FFTDF to get integral accuracy 1e-10.
Coulomb integral error is ~ 2.2 Eh.
Recommended ke_cutoff/mesh are 679.828 / [57 57 57].
WARN: ke_cutoff/mesh (80 / [21 21 21]) is not enough for FFTDF to get integral accuracy 1e-10.
Coulomb integral error is ~ 2.2 Eh.
Recommended ke_cutoff/mesh are 679.828 / [57 57 57].
WARN: ke_cutoff/mesh (80 / [21 21 21]) is not enough for FFTDF to get integral accuracy 1e-10.
Coulomb integral error is ~ 2.2 Eh.
Recommended ke_cutoff/mesh are 679.828 / [57 57 57].
WARN: ke_cutoff/mesh (80 / [21 21 21]) is not enough for FFTDF to get integral accuracy 1e-10.
Coulomb integral error is ~ 2.2 Eh.
Recommended ke_cutoff/mesh are 679.828 / [57 57 57].
WARN: ke_cutoff/mesh (80 / [21 21 21]) is not enough for FFTDF to get integral accuracy 1e-10.
Coulomb integral error is ~ 2.2 Eh.
Recommended ke_cutoff/mesh are 679.828 / [57 57 57].
WARN: ke_cutoff/mesh (80 / [21 21 21]) is not enough for FFTDF to get integral accuracy 1e-10.
Coulomb integral error is ~ 2.2 Eh.
Recommended ke_cutoff/mesh are 679.828 / [57 57 57].
kmesh = [4 4 4]
WARN: The parent grid might be too coarse.
WARN: The parent grid might be too coarse.
WARN: The parent grid might be too coarse.
WARN: The parent grid might be too coarse.
WARN: The parent grid might be too coarse.
WARN: The parent grid might be too coarse.

WARN: The parent grid might be too coarse.

Pivoted Cholesky rank = 1089, nip = 520, estimated error = 7.79e-03
nip = 520, cisdf =  20.00
    CPU time for get interpolating vectors     56.30 sec

nkpt = 64, nao = 26
ngrid = 9261, blksize = 8000
required disk space = 0 GB
WARN: The parent grid might be too coarse.
Saving rhs_q to /central/scratch/yangjunjie/nio-dzvp-444/47172174/tmqfdcih, memory for rhs_q = 7.71e-02 GB
blksize = 8000, ngrid = 9261
aoR_loop: [   0,  8000]
aoR_loop: [ 8000,  9261]
    CPU time for get_lhs_and_rhs     55.97 sec, wall time     16.21 sec
    CPU time for solving Coulomb kernel     61.26 sec, wall time     16.61 sec
Finished solving Coulomb kernel for q =   1 /  64, rank = 408 / 520

nkpt = 64, nao = 26
ngrid = 9261, blksize = 8000
required disk space = 0 GB
Saving rhs_q to /central/scratch/yangjunjie/nio-dzvp-444/47172174/if4hw5uw, memory for rhs_q = 7.71e-02 GB
blksize = 8000, ngrid = 9261
aoR_loop: [   0,  8000]
aoR_loop: [ 8000,  9261]
    CPU time for get_lhs_and_rhs     58.98 sec, wall time     15.63 sec
    CPU time for solving Coulomb kernel     64.78 sec, wall time     16.02 sec
Finished solving Coulomb kernel for q =   9 /  64, rank = 408 / 520

nkpt = 64, nao = 26
ngrid = 9261, blksize = 8000
required disk space = 0 GB
Saving rhs_q to /central/scratch/yangjunjie/nio-dzvp-444/47172174/1r2fdxbb, memory for rhs_q = 7.71e-02 GB
blksize = 8000, ngrid = 9261
aoR_loop: [   0,  8000]
aoR_loop: [ 8000,  9261]
    CPU time for get_lhs_and_rhs     60.93 sec, wall time     17.03 sec
    CPU time for solving Coulomb kernel     66.40 sec, wall time     17.36 sec
Finished solving Coulomb kernel for q =  17 /  64, rank = 408 / 520

nkpt = 64, nao = 26
ngrid = 9261, blksize = 8000
required disk space = 0 GB
Saving rhs_q to /central/scratch/yangjunjie/nio-dzvp-444/47172174/lx5cz3iu, memory for rhs_q = 7.71e-02 GB
blksize = 8000, ngrid = 9261
aoR_loop: [   0,  8000]
aoR_loop: [ 8000,  9261]
    CPU time for get_lhs_and_rhs     59.68 sec, wall time     21.75 sec
    CPU time for solving Coulomb kernel     65.97 sec, wall time     22.13 sec
Finished solving Coulomb kernel for q =  25 /  64, rank = 408 / 520

nkpt = 64, nao = 26
ngrid = 9261, blksize = 8000
required disk space = 0 GB
Saving rhs_q to /central/scratch/yangjunjie/nio-dzvp-444/47172174/8g6m5j28, memory for rhs_q = 7.71e-02 GB
blksize = 8000, ngrid = 9261
aoR_loop: [   0,  8000]
aoR_loop: [ 8000,  9261]
    CPU time for get_lhs_and_rhs     62.08 sec, wall time     15.39 sec
    CPU time for solving Coulomb kernel     67.79 sec, wall time     15.76 sec
Finished solving Coulomb kernel for q =  33 /  64, rank = 408 / 520

nkpt = 64, nao = 26
ngrid = 9261, blksize = 8000
required disk space = 0 GB
Saving rhs_q to /central/scratch/yangjunjie/nio-dzvp-444/47172174/8vclxa58, memory for rhs_q = 7.71e-02 GB
blksize = 8000, ngrid = 9261
aoR_loop: [   0,  8000]
aoR_loop: [ 8000,  9261]
    CPU time for get_lhs_and_rhs     59.25 sec, wall time     15.53 sec
    CPU time for solving Coulomb kernel     65.23 sec, wall time     15.89 sec
Finished solving Coulomb kernel for q =  41 /  64, rank = 408 / 520

nkpt = 64, nao = 26
ngrid = 9261, blksize = 8000
required disk space = 0 GB
Saving rhs_q to /central/scratch/yangjunjie/nio-dzvp-444/47172174/7qn1iu55, memory for rhs_q = 7.71e-02 GB
blksize = 8000, ngrid = 9261
aoR_loop: [   0,  8000]
aoR_loop: [ 8000,  9261]
    CPU time for get_lhs_and_rhs     61.87 sec, wall time     17.01 sec
    CPU time for solving Coulomb kernel     68.24 sec, wall time     17.46 sec
Finished solving Coulomb kernel for q =  49 /  64, rank = 408 / 520

nkpt = 64, nao = 26
ngrid = 9261, blksize = 8000
required disk space = 0 GB
Saving rhs_q to /central/scratch/yangjunjie/nio-dzvp-444/47172174/a9ja9h5t, memory for rhs_q = 7.71e-02 GB
blksize = 8000, ngrid = 9261
aoR_loop: [   0,  8000]
aoR_loop: [ 8000,  9261]
    CPU time for get_lhs_and_rhs     60.21 sec, wall time     18.19 sec
    CPU time for solving Coulomb kernel     66.75 sec, wall time     18.60 sec
Finished solving Coulomb kernel for q =  57 /  64, rank = 408 / 520
Saving FFTISDF results to /central/scratch/yangjunjie/nio-dzvp-444/47172174/tmpb5cmy9v8
    CPU time for building ISDF    600.37 sec, wall time    159.34 sec
    CPU time for -> ISDF build    600.38 sec, wall time    159.34 sec
    CPU time for -> ISDF JK     14.95 sec, wall time      1.25 sec
-> ISDF c0 =  20.00, vj err =  2.4026e-05
-> ISDF c0 =  20.00, vk err =  1.3418e+13
