OMP_NUM_THREADS = 64
MKL_NUM_THREADS = 1
PYSCF_MAX_MEMORY = 491520
TMPDIR = /central/scratch/yangjunjie///home/junjiey/work/fftisdf-benchmark-new/test/hg1212/47192177/
PYSCF_TMPDIR = /central/scratch/yangjunjie///home/junjiey/work/fftisdf-benchmark-new/test/hg1212/47192177/

/home/junjiey/anaconda3/envs/fftisdf/bin/python
2.8.0
1.13.1
1.26.4
WARNING!
  Very diffused basis functions are found in the basis set. They may lead to severe
  linear dependence and numerical instability.  You can set  cell.exp_to_discard=0.1
  to remove the diffused Gaussians whose exponents are less than 0.1.

