OMP_NUM_THREADS = 64
MKL_NUM_THREADS = 1
PYSCF_MAX_MEMORY = 491520
TMPDIR = /central/scratch/yangjunjie//hg1212/47074199/
PYSCF_TMPDIR = /central/scratch/yangjunjie//hg1212/47074199/

/home/junjiey/anaconda3/envs/fftisdf/bin/python
