OMP_NUM_THREADS = 64
MKL_NUM_THREADS = 1
PYSCF_MAX_MEMORY = 491520
TMPDIR = /central/scratch/yangjunjie//nio-dzvp-444/47155128/
PYSCF_TMPDIR = /central/scratch/yangjunjie//nio-dzvp-444/47155128/

/home/junjiey/anaconda3/envs/fftisdf/bin/python
2.8.0
1.13.1
1.26.4


******** <class 'pyscf.pbc.df.fft.FFTDF'> ********
mesh = [15 15 15] (3375 PWs)
len(kpts) = 64

WARN: ke_cutoff/mesh (40 / [15 15 15]) is not enough for FFTDF to get integral accuracy 1e-10.
Coulomb integral error is ~ 8.8 Eh.
Recommended ke_cutoff/mesh are 679.828 / [57 57 57].

    CPU time for -> FFTDF JK      0.13 sec, wall time      0.00 sec


******** <class '__main__.InterpolativeSeparableDensityFitting'> ********
mesh = [15 15 15] (3375 PWs)
len(kpts) = 64
<class '__main__.InterpolativeSeparableDensityFitting'> does not have attributes  c0 tol blksize kmesh

WARN: ke_cutoff/mesh (40 / [15 15 15]) is not enough for FFTDF to get integral accuracy 1e-10.
Coulomb integral error is ~ 8.8 Eh.
Recommended ke_cutoff/mesh are 679.828 / [57 57 57].

kmesh = [4 4 4]

WARN: The parent grid might be too coarse.

Pivoted Cholesky rank = 245, nip = 130, estimated error = 3.35e-01
nip = 130, cisdf =   5.00
    CPU time for get interpolating vectors    181.23 sec

nkpt = 64, nao = 26
ngrid = 3375, blksize = 8000
required disk space = 0 GB
Saving bq to /central/scratch/yangjunjie/nio-dzvp-444/47155128/uqz07gnw, memory for bq = 0 GB
blksize = 8000, memory for aoR_loop = 1064 MB
